Red polka-dot knickers
Insecure image - http://happenence.co.uk/wp-content/uploads/2012/08/2012-08-29-14.44.42-300x225.jpg
li within p in That Man
li within p in That Man
li within p in That Man
li within p in That Man
li within p in That Man
li within p in That Man
If I draw every day, am I an artist?
Insecure image - http://happenence.co.uk/wp-content/uploads/2014/04/watercolour-mess-300x198.jpg
Insecure image - http://happenence.co.uk/wp-content/uploads/2014/04/pile-of-paper.jpg
Living to the theme of 'A Whole New Mind by Daniel Pink'
Insecure image - http://happenence.co.uk/wp-content/uploads/2014/04/doodleaday-12April-300x247.jpg
A small rant about the label on the back of my shampoo
Insecure image - http://happenence.co.uk/wp-content/uploads/2014/04/doodle17042014-270x300.jpg
The misshapen perspective of a child.
Insecure image - http://happenence.co.uk/wp-content/uploads/2014/04/doodleaday-12April.jpg
In  Budapest...
Insecure image - http://happenence.co.uk/wp-content/uploads/2014/08/wpid-dsc_76652.jpg-726x1024.jpeg
Barefoot adventures - The Island, Kefalos, Kos
Insecure image - http://happenence.co.uk/wp-content/uploads/2015/08/Kos-Island.jpg
An accident of tectonic plates or the bubbling resentment of giant?
Insecure image - http://happenence.co.uk/wp-content/uploads/2015/08/Kos-Volcano1.jpg
Insecure image - http://happenence.co.uk/wp-content/uploads/2015/08/KOS_Maths-1024x678.jpg
Flying to Cairo
Insecure image - http://happenence.co.uk/wp-content/uploads/2016/01/wp-1452366550429.jpg
How to be courageous, follow your heart and stay alive
Insecure image - http://happenence.co.uk/wp-content/uploads/2016/01/sed-festival-luxor-temple.jpg
Flying home
Insecure image - http://happenence.co.uk/wp-content/uploads/2016/02/Dendara-Ceiling-Flying-Wings-1024x448.jpg
'Just arrived' travel anxieties...
Insecure image - http://happenence.co.uk/wp-content/uploads/2016/02/2016-02-20-14.23.47-1024x576.jpg
Insecure image - http://happenence.co.uk/wp-content/uploads/2016/02/2016-02-19-17.51.52-576x1024.jpg
Sketching at the Teatro Romano Malaga
Insecure image - http://happenence.co.uk/wp-content/uploads/2016/03/2016-02-22-16.32.25-1024x576.jpg
Insecure image - http://happenence.co.uk/wp-content/uploads/2016/03/2016-02-22-17.42.09-169x300.jpg
The not-so-new Puente Nuevo, Ronda, Spain
Insecure image - http://happenence.co.uk/wp-content/uploads/2016/02/2016-02-29-16.11.24.jpg
Insecure image - http://happenence.co.uk/wp-content/uploads/2016/02/2016-02-29-18.36.30-169x300.jpg
Skipping across the zebra crossing and other realities
Insecure image - http://happenence.co.uk/wp-content/uploads/2016/03/2016-03-05-12.11.34-1024x576.jpg
How scary can an e-passport machine be, really?
Insecure image - http://happenence.co.uk/wp-content/uploads/2016/04/2016-02-28-16.19.03.jpg
The village school and missing my chance to find Prince Charming
Insecure image - http://happenence.co.uk/wp-content/uploads/2016/04/2016-04-17-17.58.38.jpg
School trips and not staring at the Sagrada Familia for long enough
Insecure image - http://happenence.co.uk/wp-content/uploads/2016/05/Landscape-Nativity.jpg
Insecure image - http://happenence.co.uk/wp-content/uploads/2016/05/Jesus-on-cross-199x300.jpg
Insecure image - http://happenence.co.uk/wp-content/uploads/2016/05/Mary-Crypt-199x300.jpg
Insecure image - http://happenence.co.uk/wp-content/uploads/2016/05/Portrait-Passion-Side-196x300.jpg
How friendships and traveling really works
Insecure image - http://happenence.co.uk/wp-content/uploads/2016/05/2016-03-05-12.12.19.jpg
Where I write (And why it matters)
Insecure image - http://happenence.co.uk/wp-content/uploads/2016/05/2016-05-02-19.05.13.jpg
The Tortoise and the Turtle of the Sagrada Familia
Insecure image - http://happenence.co.uk/wp-content/uploads/2016/05/tortoise.jpg
Insecure image - http://happenence.co.uk/wp-content/uploads/2016/05/turtle-199x300.jpg
Insecure image - http://happenence.co.uk/wp-content/uploads/2016/05/three-wise-men.jpg
Insecure image - http://happenence.co.uk/wp-content/uploads/2016/05/killing-babies-219x300.jpg
On emotion
Insecure image - http://happenence.co.uk/wp-content/uploads/2016/05/hovel-forest.jpg
On making a decision that's true to who I am
Insecure image - http://happenence.co.uk/wp-content/uploads/2016/05/busy-bee.jpg
How sometimes I choose to remain 'too' English (and why that matters)
Insecure image - http://happenence.co.uk/wp-content/uploads/2016/02/egypt-cairo-1024.jpg
A story about a postman
Insecure image - http://happenence.co.uk/wp-content/uploads/2016/05/letterbox.jpg
How can you thank volunteers? (an example from travels in Spain)
Insecure image - http://happenence.co.uk/wp-content/uploads/2016/06/volunteering-barcelona-certificate.jpg
A good morning in a rural Spanish town (Bon dia / Buenos d¡as)
Insecure image - http://happenence.co.uk/wp-content/uploads/2016/06/Cervera.jpg
Sometimes you don't see a door until your nose is pressed up against it.
Insecure image - http://happenence.co.uk/wp-content/uploads/2016/06/mountain-1.jpg
Insecure image - http://happenence.co.uk/wp-content/uploads/2016/06/mountain-4-169x300.jpg
Insecure image - http://happenence.co.uk/wp-content/uploads/2016/06/mountain-2-169x300.jpg
Insecure image - http://happenence.co.uk/wp-content/uploads/2016/06/mountain-3.jpg
We need each other: asking for and receiving help
Insecure image - http://happenence.co.uk/wp-content/uploads/2016/06/poppies.jpg
As if I would really write a blog post about American football?
Insecure image - http://happenence.co.uk/wp-content/uploads/2016/06/clouds.jpg
A cup of tea.
Insecure image - http://happenence.co.uk/wp-content/uploads/2016/06/bangor-pier.jpg
The cathedral with only one arm
Insecure image - http://happenence.co.uk/wp-content/uploads/2016/04/malaga-cathedral.jpg
Insecure image - http://happenence.co.uk/wp-content/uploads/2016/06/malaga-cathedral-1.jpg
Insecure image - http://happenence.co.uk/wp-content/uploads/2016/06/malaga-cathedral-2.jpg
Maybe I'm just getting old, but...
Insecure image - http://happenence.co.uk/wp-content/uploads/2016/06/plastic-horse.jpg
The hidden secret of the house on the hill
Insecure image - http://happenence.co.uk/wp-content/uploads/2016/07/vineyards.jpg
Insecure image - http://happenence.co.uk/wp-content/uploads/2016/07/barrels.jpg
Insecure image - http://happenence.co.uk/wp-content/uploads/2016/07/bottle-cork-169x300.jpg
Yorkshire. Home sweet home.
Insecure image - http://happenence.co.uk/wp-content/uploads/2016/07/cows.jpg
Traveling the hills of home by steam and on foot
Insecure image - http://happenence.co.uk/wp-content/uploads/2016/08/2016-08-22-14.29.55.jpg
Insecure image - http://happenence.co.uk/wp-content/uploads/2016/08/2016-08-17-15.00.39.jpg
How do you balance work and travel?
Insecure image - http://happenence.co.uk/wp-content/uploads/2016/09/Egypt-aswan-boat-scaled.jpg
Pestles and mortars in ancient Egypt
Insecure image - http://happenence.co.uk/wp-content/uploads/2016/09/egypt-mut-luxor-scaled.jpg
On relocating the edge of my comfort zone
Insecure image - http://happenence.co.uk/wp-content/uploads/2016/09/2016-09-06-15.25.59.jpg
Like Elizabeth Bennet, walking through the gates of Pemberley for the first time
Insecure image - http://happenence.co.uk/wp-content/uploads/2016/09/2016-09-18-17.14.58.jpg
The Adventures Of Huckleberry Finn
Insecure image - http://happenence.co.uk/wp-content/uploads/2016/09/dawn-dordogne.jpg
A countryside breakfast: Mon petit d‚jeuner avec du lait
Insecure image - http://happenence.co.uk/wp-content/uploads/2016/09/2016-09-22-18.46.27.jpg
On a night so clear you could see the milky way
Insecure image - http://happenence.co.uk/wp-content/uploads/2016/10/sheep.jpg
Harvesting potatoes
Insecure image - http://happenence.co.uk/wp-content/uploads/2016/10/potatoes.jpg
Mumbling even before the wine
Insecure image - http://happenence.co.uk/wp-content/uploads/2016/10/wine.jpg
Acrobatics with my ego
Insecure image - http://happenence.co.uk/wp-content/uploads/2016/10/goat.jpg
li within p in Acrobatics with my ego
li within p in Acrobatics with my ego
li within p in Acrobatics with my ego
li within p in Acrobatics with my ego
li within p in Acrobatics with my ego
li within p in Acrobatics with my ego
It's the sheep's fault - accidentally working on my day off.
Insecure image - http://happenence.co.uk/wp-content/uploads/2016/10/boy-sheep.jpg
More little things I've learnt on this French farm
Insecure image - http://happenence.co.uk/wp-content/uploads/2016/10/mushrooms.jpg
Travel: Arriving in Modena and falling in love with Italy all over again
Insecure image - http://happenence.co.uk/wp-content/uploads/2016/10/Modena-colour.jpg
Frecciarossa: Bologna to Naples by train
Insecure image - http://happenence.co.uk/wp-content/uploads/2016/11/statue-modena.jpg
The awkward unknown of adapting to a Sicilian household
Insecure image - http://happenence.co.uk/wp-content/uploads/2016/11/almonds.jpg
One island, two totally different cultures (Sicily)
Insecure image - http://happenence.co.uk/wp-content/uploads/2016/12/buddha.jpg
A story of homesickness
Insecure image - http://happenence.co.uk/wp-content/uploads/2016/12/sunset-valley.jpg
Day two in a Sicilian household: "Caterina!"
Insecure image - http://happenence.co.uk/wp-content/uploads/2016/12/dog.jpg
Sometimes it's not so fun
Insecure image - http://happenence.co.uk/wp-content/uploads/2016/12/christmas-lights.jpg
Thinking about the stranger on the plane
Insecure image - http://happenence.co.uk/wp-content/uploads/2016/12/lamps.jpg
Swallows and Amazons
Insecure image - http://happenence.co.uk/wp-content/uploads/2016/12/swallows.jpg
Just some things I did last year
Insecure image - http://happenence.co.uk/wp-content/uploads/2017/01/last-year.jpg
The books I read in 2016 to restore sanity and try and help me be nice
Insecure image - http://happenence.co.uk/wp-content/uploads/2017/01/bookshelf.jpg
The other books I read in 2016 to restore sanity and try and help me be nice
Insecure image - http://happenence.co.uk/wp-content/uploads/2017/01/bookshelf-2.jpg
Where I gloat about how wonderful it feels to be able to run.
Insecure image - http://happenence.co.uk/wp-content/uploads/2017/01/moor-forest.jpg
Vienna: That chap Figaro, and a wedding.
Insecure image - http://happenence.co.uk/wp-content/uploads/2017/01/figaro.jpg
Bratislava: Perhaps it's time for another coffee
Insecure image - http://happenence.co.uk/wp-content/uploads/2017/01/bratislava.jpg
The kids don't have to love you and other thoughts on being an au-pair
Insecure image - http://happenence.co.uk/wp-content/uploads/2017/01/au-pair-witch.jpg
Insecure image - http://happenence.co.uk/wp-content/uploads/2017/01/minnie-mouse-249x300.jpg
Nitra: Picking a city at random for an adventure
Insecure image - http://happenence.co.uk/wp-content/uploads/2017/01/Nitra.jpg
Off the beaten path
Insecure image - http://happenence.co.uk/wp-content/uploads/2017/01/St-Michaels-1.jpg
Insecure image - http://happenence.co.uk/wp-content/uploads/2017/01/St-Michels-9.jpg
Insecure image - http://happenence.co.uk/wp-content/uploads/2017/01/St-Michels-8-199x300.jpg
Insecure image - http://happenence.co.uk/wp-content/uploads/2017/01/St-Michels-7-183x300.jpg
Insecure image - http://happenence.co.uk/wp-content/uploads/2017/01/St-Michels-4-1.jpg
What do you see when you look in the mirror?
Insecure image - http://happenence.co.uk/wp-content/uploads/2017/01/flower.jpg
Insecure image - http://happenence.co.uk/wp-content/uploads/2017/01/mirror-mirror.png
Insecure image - http://happenence.co.uk/wp-content/uploads/2017/01/mirror-199x300.jpg
The books I finished reading in January
Insecure image - http://happenence.co.uk/wp-content/uploads/2017/02/kaleidoscope-with-text.png
Insecure image - http://happenence.co.uk/wp-content/uploads/2017/02/rabbit-in-headlights.png
The subjective nature of 'pretty'.
Insecure image - http://happenence.co.uk/wp-content/uploads/2017/02/roof-tiles.jpg
How do you learn a language?
Insecure image - http://happenence.co.uk/wp-content/uploads/2017/02/Farm.jpg
Literature and Mental Health: Poetry and Mindfulness
Insecure image - http://happenence.co.uk/wp-content/uploads/2017/02/cacti.jpg
How to deal with that day of travelling when nobody likes each other
Insecure image - http://happenence.co.uk/wp-content/uploads/2017/02/icarus.jpg
An English cook in Sicily (and the commotion this entailed)
Insecure image - http://happenence.co.uk/wp-content/uploads/2017/02/sicilian-cooking.jpg
Insecure image - http://happenence.co.uk/wp-content/uploads/2017/02/teapot.jpg
Literature and Mental Health: Heartbreak
Insecure image - http://happenence.co.uk/wp-content/uploads/2017/02/moors.jpg
Insecure image - http://happenence.co.uk/wp-content/uploads/2017/02/book-on-moor.jpg
Above the clouds: thoughts on a flight
Insecure image - http://happenence.co.uk/wp-content/uploads/2017/02/plane.jpg
Books I finished reading in February
Insecure image - http://happenence.co.uk/wp-content/uploads/2017/03/Sagrada-Familia.jpg
"What sort of sculpture do you like?"
Insecure image - http://happenence.co.uk/wp-content/uploads/2017/03/Hepworth-Family-of-Man.jpg
Insecure image - http://happenence.co.uk/wp-content/uploads/2017/02/icarus.jpg
Insecure image - http://happenence.co.uk/wp-content/uploads/2017/03/Tony-Cragg.jpg
Why I travel but think you shouldn't
Insecure image - http://happenence.co.uk/wp-content/uploads/2017/03/lyon.jpg
Insecure image - http://happenence.co.uk/wp-content/uploads/2017/03/calvi-wall-300x224.jpg
Insecure image - http://happenence.co.uk/wp-content/uploads/2017/03/weed-300x216.jpg
Insecure image - http://happenence.co.uk/wp-content/uploads/2017/03/swan.jpg
"Don't pick the prickly pear by the paw, when you pick a pear try to use the claw."
Insecure image - http://happenence.co.uk/wp-content/uploads/2017/03/prickly-pear-2.jpg
Insecure image - http://happenence.co.uk/wp-content/uploads/2017/03/prickly-pear-1.jpg
Insecure image - http://happenence.co.uk/wp-content/uploads/2017/03/prickly-pear-3.jpg
You're only as strong as your willingness to surrender
Insecure image - http://happenence.co.uk/wp-content/uploads/2017/03/pyramid.jpg
Humility is not thinking less of yourself, it's thinking of yourself less.
Insecure image - http://happenence.co.uk/wp-content/uploads/2017/03/alps.jpg
Books I finished reading in March
Insecure image - http://happenence.co.uk/wp-content/uploads/2017/04/books.jpg
Perhaps time to upgrade my travel planning technique
Insecure image - http://happenence.co.uk/wp-content/uploads/2017/03/cherubs.jpg
Insecure image - http://happenence.co.uk/wp-content/uploads/2017/03/map-reading.png
Speed isn't everything (a Little Mermaid story)
Insecure image - http://happenence.co.uk/wp-content/uploads/2017/04/running-with-mermaid.jpg
Remembering the honour of seeing an Egypt composed of kindness.
Insecure image - http://happenence.co.uk/wp-content/uploads/2017/04/egypt-man-donkey-1024.jpg
Crossing contours: The passage of time and the influence of travel
Insecure image - http://happenence.co.uk/wp-content/uploads/2017/03/autumn-leaves.jpg
Resilience: against cold rain, hail and the things that pull us down in life
Insecure image - http://happenence.co.uk/wp-content/uploads/2017/04/rota-vicentina-2.jpg
How to be understood speaking English (without mastering the 'th' sounds)
Insecure image - http://happenence.co.uk/wp-content/uploads/2017/04/seated-man-speaking.png
How to use a teacher's trick to improve your fluency (Even if you fear speaking)
Insecure image - http://happenence.co.uk/wp-content/uploads/2017/04/asking-question.png
How to boost your vocabulary (without getting in a tangle)
Insecure image - http://happenence.co.uk/wp-content/uploads/2017/04/mirror-mirror-bad-hair-day.png
Insecure image - http://happenence.co.uk/wp-content/uploads/2017/04/mirror-mirror-bad-hair-day.png
Books I finished reading in April
Insecure image - http://happenence.co.uk/wp-content/uploads/2017/04/books.jpg
The Netherlands: And the King's birthday celebrations
Insecure image - http://happenence.co.uk/wp-content/uploads/2017/05/kingsday-1.jpg
Insecure image - http://happenence.co.uk/wp-content/uploads/2017/05/kingsday-2.jpg
Like a comet that's got lost somewhere in the Oort cloud
Insecure image - http://happenence.co.uk/wp-content/uploads/2017/05/flying-home.jpg
What the weather 'should be' according to The Mother
Insecure image - http://happenence.co.uk/wp-content/uploads/2017/05/weather.jpg
Some books I finished reading in May
Insecure image - http://happenence.co.uk/wp-content/uploads/2017/04/books-1024x372.jpg
Poland: Navigating the public transport of Poznan
Insecure image - http://happenence.co.uk/wp-content/uploads/2017/06/poznan-1.jpg
Insecure image - http://happenence.co.uk/wp-content/uploads/2017/06/poznan-2.jpg
Other books I finished reading in May
Insecure image - http://happenence.co.uk/wp-content/uploads/2017/04/books-1024x372.jpg
The Land Where Lemons Grow by Helena Attlee
Insecure image - http://happenence.co.uk/wp-content/uploads/2017/06/lemon-grove.jpg
More books I've just finished reading (June/July)
Insecure image - http://happenence.co.uk/wp-content/uploads/2017/04/books.jpg
A walking tour in Bucharest (or thoughts on making friends with temporary colleagues)
Insecure image - http://happenence.co.uk/wp-content/uploads/2017/09/Bucharest.jpg
Along the Enchanted Way: A Story of Love and Life in Romania by William Blacker
Insecure image - http://happenence.co.uk/wp-content/uploads/2017/09/Sheep-herding.jpg
What is the difference between holidaying and travelling?
Insecure image - http://happenence.co.uk/wp-content/uploads/2017/09/Madeira-blue-flowers.jpg
Insecure image - http://happenence.co.uk/wp-content/uploads/2017/09/Faro-toilet-sign.jpg
On moving house
Insecure image - http://happenence.co.uk/wp-content/uploads/2012/08/2012-08-29-14.44.42-1024x768.jpg
When dropped, does it ring true?
Insecure image - http://happenence.co.uk/wp-content/uploads/2017/11/coins.jpg
No, I'm not playing quidditch...
Insecure image - http://happenence.co.uk/wp-content/uploads/2017/12/quidditch.jpg
The seasons change, and so do I
Insecure image - http://happenence.co.uk/wp-content/uploads/2017/12/winter-berries.jpg
The words I do not say (and pink birthday roses)
Insecure image - http://happenence.co.uk/wp-content/uploads/2018/01/rose-with-lights.jpg
This is perhaps not how other people plan travels.
Insecure image - http://happenence.co.uk/wp-content/uploads/2018/01/train-on-ferry.jpg
At what point do I get a spreadsheet out for my travel planning
Insecure image - http://happenence.co.uk/wp-content/uploads/2018/02/Rota-Vicentina.jpg
How your attitude dictates your travel experience (unexpected delights of Egypt)
Insecure image - http://happenence.co.uk/wp-content/uploads/2016/02/egypt-cairo-1024.jpg
Insecure image - http://happenence.co.uk/wp-content/uploads/2016/02/egypt-karnak-crane-1024.jpg
Insecure image - http://happenence.co.uk/wp-content/uploads/2016/02/egypt-cows-1024.jpg
Insecure image - http://happenence.co.uk/wp-content/uploads/2016/02/egypt-man-donkey-1024.jpg
Insecure image - http://happenence.co.uk/wp-content/uploads/2016/02/egypt-selfie-1024.jpg
Insecure image - http://happenence.co.uk/wp-content/uploads/2016/02/profile-oughtibridge-150x150.jpg
Playing. Nothing but good, wonderful, delightful play.
Insecure image - http://happenence.co.uk/wp-content/uploads/2018/03/catherine-in-snow.jpg
On woollen socks and in-the-box thinking
Insecure image - http://happenence.co.uk/wp-content/uploads/2018/03/washing-line.jpg
Northern Finland: The magical winter-land (where nature still rules)
Insecure image - http://happenence.co.uk/wp-content/uploads/2018/04/bird-in-Kuusamo.jpg
Insecure image - http://happenence.co.uk/wp-content/uploads/2018/04/bird-2-in-kuusamo.jpg
Northern Finland: Up the fell and down again
Insecure image - http://happenence.co.uk/wp-content/uploads/2018/04/tree-sculptures.jpg
Insecure image - http://happenence.co.uk/wp-content/uploads/2018/04/snowshoes.jpg
Insecure image - http://happenence.co.uk/wp-content/uploads/2018/04/kuusamo-fell.jpg
Northern Finland: The Oulanka National Park
Insecure image - http://happenence.co.uk/wp-content/uploads/2018/04/fire-pit.jpg
Insecure image - http://happenence.co.uk/wp-content/uploads/2018/04/rapids.jpg
Insecure image - http://happenence.co.uk/wp-content/uploads/2018/04/Forms-of-water.jpg
Insecure image - http://happenence.co.uk/wp-content/uploads/2018/04/ice-bubbles.jpg
Can I play too?
Insecure image - http://happenence.co.uk/wp-content/uploads/2019/04/yellow-bike.jpg
A beautiful morning
Insecure image - http://happenence.co.uk/wp-content/uploads/2019/04/mary-veneto.jpg
How Not To Be A Boy (by Robert Webb)
Insecure image - http://happenence.co.uk/wp-content/uploads/2018/05/how-not-to-be-a-boy-1.jpg
The mystery of cars
Insecure image - http://happenence.co.uk/wp-content/uploads/2019/04/Car-tuscany-1024x678.jpg
The field beyond right-doing and wrong-doing
Insecure image - http://happenence.co.uk/wp-content/uploads/2019/04/Poppy-field-1024x678.jpg
'a study of a courageous young woman'
Insecure image - http://happenence.co.uk/wp-content/uploads/2018/10/Catherine-8965-683x1024.jpg
Hiding my truths within a fiction based on a truth
Insecure image - http://happenence.co.uk/wp-content/uploads/2018/07/Nile-White-Bird-1024x678.jpg
Work, play and rest
Insecure image - http://happenence.co.uk/wp-content/uploads/2018/10/Tortoises-Italy-1024x678.jpg
Travelling from Riga to Tallinn by train
Insecure image - http://happenence.co.uk/wp-content/uploads/2018/10/Latvia-train-1024x768.jpg
Insecure image - http://happenence.co.uk/wp-content/uploads/2018/10/latvia-railway.jpg
Insecure image - http://happenence.co.uk/wp-content/uploads/2018/10/latvia-station.jpg
North Yorkshire: A Yoga Retreat with The Mother
Insecure image - http://happenence.co.uk/wp-content/uploads/2018/08/Yoga-Retreat-3-of-4-1024x678.jpg
Insecure image - http://happenence.co.uk/wp-content/uploads/2018/10/Yoga-Retreat-4-of-4-199x300.jpg
North Yorkshire: A Yoga Retreat with The Mother (part 2)
Insecure image - http://happenence.co.uk/wp-content/uploads/2018/09/Yoga-Retreat-1-of-4-1024x678.jpg
The way books make me feel (and other tangents)
Insecure image - http://happenence.co.uk/wp-content/uploads/2019/04/white-flower-1024x678.jpg
Observations from a French caf‚ up North in Sweden
Insecure image - http://happenence.co.uk/wp-content/uploads/2018/10/Lulea-2-of-3.jpg
Insecure image - http://happenence.co.uk/wp-content/uploads/2018/10/Lulea-3-of-3.jpg
Insecure image - http://happenence.co.uk/wp-content/uploads/2018/10/Lulea-1-of-3.jpg
Moving to a country where you don't speak the language (and other great ideas)
Insecure image - http://happenence.co.uk/wp-content/uploads/2018/10/CEO_5717.jpg
Flamenco dancing (and other mishaps)
Insecure image - http://happenence.co.uk/wp-content/uploads/2018/10/CEO_5713.jpg
Yo soy brit nico (and other form filling challenges)
Insecure image - http://happenence.co.uk/wp-content/uploads/2018/10/CEO_5592.jpg
What is it like working in a Spanish school?
Insecure image - http://happenence.co.uk/wp-content/uploads/2018/10/Spain-dusk-2-of-3.jpg
Insecure image - http://happenence.co.uk/wp-content/uploads/2018/10/Spain-dusk-3-of-3.jpg
Insecure image - http://happenence.co.uk/wp-content/uploads/2018/10/Spain-dusk-1-of-3.jpg
Fiesta Nacional de Espa¤a
Insecure image - http://happenence.co.uk/wp-content/uploads/2018/10/Spanish-Flag.jpg
Adding a pinch of salt to some well-meant advice
Insecure image - http://happenence.co.uk/wp-content/uploads/2018/10/Lorca-Castle.jpg
Feeling ill in a foreign country (and generally being tired and irritable)
Insecure image - http://happenence.co.uk/wp-content/uploads/2018/10/animal.jpg
More thoughts about wanting cake
Insecure image - http://happenence.co.uk/wp-content/uploads/2018/10/view-lorca-castle.jpg
Teaching the verb: to fall off (and other language challenges)
Insecure image - http://happenence.co.uk/wp-content/uploads/2018/10/cartagena-boat.jpg
Hablamos muchas...
Insecure image - http://happenence.co.uk/wp-content/uploads/2018/11/lady-picking-grapes.jpg
Insecure image - http://happenence.co.uk/wp-content/uploads/2018/11/fuensanta.jpg
Murica (con mis padres...)
Insecure image - http://happenence.co.uk/wp-content/uploads/2018/11/murcia-countryside-1024x768.jpg
Insecure image - http://happenence.co.uk/wp-content/uploads/2018/11/murcia-cathedral-768x1024.jpg
Practicing for the Cambridge First Exam (or something like that)
Insecure image - http://happenence.co.uk/wp-content/uploads/2018/11/cartagena-graffiti-2-1024x678.jpg
Insecure image - http://happenence.co.uk/wp-content/uploads/2018/11/cartagena-graffiti-1024x663.jpg
Mar Menor and the calamity of Maggie
Insecure image - http://happenence.co.uk/wp-content/uploads/2018/12/mar-menor-3-of-4-1024x678.jpg
Insecure image - http://happenence.co.uk/wp-content/uploads/2018/12/mar-menor-2-of-4-1024x678.jpg
Insecure image - http://happenence.co.uk/wp-content/uploads/2018/12/mar-menor-1-of-4-678x1024.jpg
Insecure image - http://happenence.co.uk/wp-content/uploads/2018/12/mar-menor-4-of-4-696x1024.jpg
Mid-winter blue skies (and dealing with disorientation like a grown-up)
Insecure image - http://happenence.co.uk/wp-content/uploads/2018/12/blue-sky-1-of-1-1024x631.jpg
Belief sits at the heart of language learning (but fear is what rules)
Insecure image - http://happenence.co.uk/wp-content/uploads/2019/01/fear-1-of-1-1024x678.jpg
This is not a bauble.
Insecure image - http://happenence.co.uk/wp-content/uploads/2019/01/Cactus-1024x678.jpg
A wintery Sunday afternoon in Southern-Spain
Insecure image - http://happenence.co.uk/wp-content/uploads/2019/01/Window-1024x678.jpg
A yoga masterclass, this time in Spanish
Insecure image - http://happenence.co.uk/wp-content/uploads/2019/02/sunrise-1024x678.jpg
A miraculous transformation to being a morning person (should it last)
Insecure image - http://happenence.co.uk/wp-content/uploads/2019/02/sunrise-2-1024x738.jpg
Changed by a conversation and then changed again, and again, and again
Insecure image - http://happenence.co.uk/wp-content/uploads/2019/02/beniaj n-1024x678.jpg
Reducing phone dependence (and not getting stabbed)
Insecure image - http://happenence.co.uk/wp-content/uploads/2019/03/chairs-on-roof-1024x678.jpg
Directing your attention towards what really matters (without resorting to a battle cry or tears)
Insecure image - http://happenence.co.uk/wp-content/uploads/2019/03/logs-1024x678.jpg
Insecure image - http://happenence.co.uk/wp-content/uploads/2019/03/moment-catchers-march-819x1024.jpg
Lessons from my mother - part one: Learning to meditate productively (i.e. like my mother, not like me)
Insecure image - http://happenence.co.uk/wp-content/uploads/2019/03/buddah-1024x678.jpg
Lessons from my mother - part two: People don't stay the same?
Insecure image - http://happenence.co.uk/wp-content/uploads/2019/03/broken-bridge-1024x678.jpg
How to teach a child public speaking (without pretense)
Insecure image - http://happenence.co.uk/wp-content/uploads/2019/03/white-flowers-1-1024x678.jpg
How I worked out what I wanted (once I'd stopped fretting about it)
Insecure image - http://happenence.co.uk/wp-content/uploads/2019/03/strasburg-river-1-1024x678.jpg
What I feel when faced with my sleep-deprived teenagers (not to mention their teachers)
Insecure image - http://happenence.co.uk/wp-content/uploads/2019/02/sunset-orehuella-1-1024x678.jpg
Some photos: Jueves Santa
Insecure image - http://happenence.co.uk/wp-content/uploads/2019/04/san-jose-4-of-8-1024x678.jpg
Insecure image - http://happenence.co.uk/wp-content/uploads/2019/04/san-jose-1-of-8-1-678x1024.jpg
Insecure image - http://happenence.co.uk/wp-content/uploads/2019/04/san-jose-2-of-8-678x1024.jpg
Insecure image - http://happenence.co.uk/wp-content/uploads/2019/04/san-jose-3-of-8-678x1024.jpg
Insecure image - http://happenence.co.uk/wp-content/uploads/2019/04/san-jose-5-of-8-678x1024.jpg
Insecure image - http://happenence.co.uk/wp-content/uploads/2019/04/san-jose-6-of-8-678x1024.jpg
Insecure image - http://happenence.co.uk/wp-content/uploads/2019/04/san-jose-7-of-8-678x1024.jpg
Insecure image - http://happenence.co.uk/wp-content/uploads/2019/04/san-jose-8-of-8-678x1024.jpg
Insecure image - http://happenence.co.uk/wp-content/uploads/2019/04/san-jose-1-of-1-678x1024.jpg
The Rescue Day: How I manage when my mind begins to unravel
Insecure image - http://happenence.co.uk/wp-content/uploads/2019/04/granada-details-1024x678.jpg
How being crap at meditation is beside the point
Insecure image - http://happenence.co.uk/wp-content/uploads/four-petal-flower-1024x678.jpg
Time for a transition: Mistakes I'm about to make
Insecure image - http://happenence.co.uk/wp-content/uploads/Italian-Alps-1024x678.jpg
Some photos: Granada and the Alhambra
Insecure image - http://happenence.co.uk/wp-content/uploads/Italian-Alps-2-678x1024.jpg
Insecure image - http://happenence.co.uk/wp-content/uploads/Italian-Alps-2-1-678x1024.jpg
Insecure image - http://happenence.co.uk/wp-content/uploads/Italian-Alps-3-678x1024.jpg
Insecure image - http://happenence.co.uk/wp-content/uploads/Italian-Alps-4-1-678x1024.jpg
Insecure image - http://happenence.co.uk/wp-content/uploads/Italian-Alps-5-678x1024.jpg
Insecure image - http://happenence.co.uk/wp-content/uploads/Italian-Alps-6-678x1024.jpg
Insecure image - http://happenence.co.uk/wp-content/uploads/Italian-Alps-7-678x1024.jpg
Insecure image - http://happenence.co.uk/wp-content/uploads/Italian-Alps-8-678x1024.jpg
Insecure image - http://happenence.co.uk/wp-content/uploads/Italian-Alps-9-678x1024.jpg
Insecure image - http://happenence.co.uk/wp-content/uploads/Italian-Alps-10-678x1024.jpg
Af¢nica: How I taught English conversation without speaking
Insecure image - http://happenence.co.uk/wp-content/uploads/tuscany-hills-1024x678.jpg
